// Jest Snapshot v1, https://goo.gl/fbAQLP

exports[`Home component should render correctly. 1`] = `
<div
  className="home"
>
  <h1>
    Home
  </h1>
</div>
`;
